[    3217ms] [WARNING] Canvas2D: Multiple readback operations using getImageData are faster with the willReadFrequently attribute set to true. See: https://html.spec.whatwg.org/multipage/canvas.html#concept-canvas-will-read-frequently @ https://client.prod.mplat-ppcprotect.com/lNj4pFsjqAP7BD7dyomXxoP2cxvkOfAsBiq2vrxBeGa7lcyec9_js.js:0
[    4108ms] [ERROR] Attestation check for Attribution Reporting on https://ara.paa-reporting-advertising.amazon failed. @ https://www.homes.com/real-estate-agents/tabatha-chase/l7n115d/:0
[    4108ms] [ERROR] Attestation check for Shared Storage on https://ara.paa-reporting-advertising.amazon failed. @ https://www.homes.com/real-estate-agents/tabatha-chase/l7n115d/:0
[    4109ms] [ERROR] Attestation check for Attribution Reporting on https://ara.paa-reporting-advertising.amazon failed. @ https://www.homes.com/real-estate-agents/tabatha-chase/l7n115d/:0
[    4109ms] [ERROR] Attestation check for Shared Storage on https://ara.paa-reporting-advertising.amazon failed. @ https://www.homes.com/real-estate-agents/tabatha-chase/l7n115d/:0
[    7138ms] [ERROR] Failed to load resource: net::ERR_CONNECTION_CLOSED @ https://cdnjs.cloudflare.com/ajax/libs/ion-rangeslider/2.3.1/css/ion.rangeSlider.min.css:0
[    8375ms] [WARNING] Google Maps JavaScript API has been loaded directly without loading=async. This can result in suboptimal performance. For best-practice loading patterns please see https://goo.gle/js-api-loading @ https://maps.googleapis.com/maps/api/js?callback=__googleMapsCallback&key=AIzaSyCIY9-pwOauKk5EeI-LFy4crd3WPVxwv3A&libraries=places:2489
[    8387ms] [WARNING] As of February 21st, 2024, google.maps.Marker is deprecated. Please use google.maps.marker.AdvancedMarkerElement instead. At this time, google.maps.Marker is not scheduled to be discontinued, but google.maps.marker.AdvancedMarkerElement is recommended over google.maps.Marker. While google.maps.Marker will continue to receive bug fixes for any major regressions, existing bugs in google.maps.Marker will not be addressed. At least 12 months notice will be given before support is discontinued. Please see https://developers.google.com/maps/deprecations for additional details and https://developers.google.com/maps/documentation/javascript/advanced-markers/migration for the migration guide. @ https://maps.googleapis.com/maps/api/js?callback=__googleMapsCallback&key=AIzaSyCIY9-pwOauKk5EeI-LFy4crd3WPVxwv3A&libraries=places:2589
[    8387ms] [WARNING] As of March 1st, 2025, google.maps.places.Autocomplete is not available to new customers. Please use google.maps.places.PlaceAutocompleteElement instead. At this time, google.maps.places.Autocomplete is not scheduled to be discontinued, but google.maps.places.PlaceAutocompleteElement is recommended over google.maps.places.Autocomplete. While google.maps.places.Autocomplete will continue to receive bug fixes for any major regressions, existing bugs in google.maps.places.Autocomplete will not be addressed. At least 12 months notice will be given before support is discontinued. Please see https://developers.google.com/maps/legacy for additional details and https://developers.google.com/maps/documentation/javascript/places-migration-overview for the migration guide. @ https://maps.googleapis.com/maps/api/js?callback=__googleMapsCallback&key=AIzaSyCIY9-pwOauKk5EeI-LFy4crd3WPVxwv3A&libraries=places:1090
[    9362ms] TypeError: Cannot read properties of null (reading 'hasAttribute')
    at t (https://cdn.userway.org/widgetapp/2026-06-09-08-22-25/remediation/slick_slider_1780993345047.js:1:455)
    at https://cdn.userway.org/widgetapp/2026-06-09-08-22-25/remediation/slick_slider_1780993345047.js:1:5999
    at NodeList.forEach (<anonymous>)
    at https://cdn.userway.org/widgetapp/2026-06-09-08-22-25/remediation/remediation_1780993345047.js:1:15254
    at i (https://cdn.userway.org/widgetapp/2026-06-09-08-22-25/remediation/remediation_1780993345047.js:1:8187)
    at e.waitUntil (https://cdn.userway.org/widgetapp/2026-06-09-08-22-25/remediation/remediation_1780993345047.js:1:8289)
    at e.loopThroughElements (https://cdn.userway.org/widgetapp/2026-06-09-08-22-25/remediation/remediation_1780993345047.js:1:14978)
    at https://cdn.userway.org/widgetapp/2026-06-09-08-22-25/remediation/slick_slider_1780993345047.js:1:5929
    at https://cdn.userway.org/widgetapp/2026-06-09-08-22-25/remediation/slick_slider_1780993345047.js:1:6129
[   16381ms] [WARNING] The resource https://cdnjs.cloudflare.com/ajax/libs/ion-rangeslider/2.3.1/css/ion.rangeSlider.min.css was preloaded using link preload but not used within a few seconds from the window's load event. Please make sure it has an appropriate `as` value and it is preloaded intentionally. @ https://kim-bibb.com/:0
